// Jest Snapshot v1, https://goo.gl/fbAQLP

exports[`<ClipPath /> should render html clipPath component 1`] = `
.c0 {
  display: inline-block;
  line-height: 0px;
}

<div>
  <div
    class="c0"
    display="inline-block"
  >
    <svg
      aria-hidden="true"
      data-blade-component="icon"
      fill="none"
      height="40px"
      viewBox="0 0 6 6"
      width="40px"
    >
      <clippath
        id="clip0"
      >
        <path
          d="M2 2h2v2H2V2"
          fill="#000"
        />
      </clippath>
    </svg>
  </div>
</div>
`;
